src/components/settings/SettingsInput.tsx(1,1): error TS6133: 'React' is declared but its value is never read.
src/components/settings/SettingsSelect.tsx(1,1): error TS6133: 'React' is declared but its value is never read.
src/components/settings/SettingsSlider.tsx(1,1): error TS6133: 'React' is declared but its value is never read.
src/components/settings/SettingsToggle.tsx(1,1): error TS6133: 'React' is declared but its value is never read.
src/features/simulation/hooks/useZones.ts(33,17): error TS2739: Type 'PromiseLike<Zone[]>' is missing the following properties from type 'Promise<Zone[]>': catch, finally, [Symbol.toStringTag]
src/features/simulation/hooks/useZones.ts(48,17): error TS18047: 'data' is possibly 'null'.
src/features/simulation/hooks/useZones.ts(51,26): error TS2345: Argument of type 'Zone[] | null' is not assignable to parameter of type 'SetStateAction<Zone[]>'.
  Type 'null' is not assignable to type 'SetStateAction<Zone[]>'.
src/pages/Settings.tsx(1,8): error TS6133: 'React' is declared but its value is never read.
src/pages/SimulationSandbox.tsx(16,8): error TS6133: 'React' is declared but its value is never read.
